// Jest Snapshot v1, https://goo.gl/fbAQLP

exports[`ScheduleDialog component tests should render with default values 1`] = `
.c8 {
  display: -webkit-box;
  display: -webkit-flex;
  display: -ms-flexbox;
  display: flex;
  -webkit-flex-direction: column;
  -ms-flex-direction: column;
  flex-direction: column;
  -webkit-box-pack: center;
  -webkit-justify-content: center;
  -ms-flex-pack: center;
  justify-content: center;
  -webkit-align-items: stretch;
  -webkit-box-align: stretch;
  -ms-flex-align: stretch;
  align-items: stretch;
}

.c19 {
  display: -webkit-box;
  display: -webkit-flex;
  display: -ms-flexbox;
  display: flex;
  -webkit-flex-direction: row;
  -ms-flex-direction: row;
  flex-direction: row;
  -webkit-box-pack: center;
  -webkit-justify-content: center;
  -ms-flex-pack: center;
  justify-content: center;
  -webkit-align-items: center;
  -webkit-box-align: center;
  -ms-flex-align: center;
  align-items: center;
}

.c26 {
  display: -webkit-box;
  display: -webkit-flex;
  display: -ms-flexbox;
  display: flex;
  -webkit-flex-direction: row;
  -ms-flex-direction: row;
  flex-direction: row;
  -webkit-box-pack: start;
  -webkit-justify-content: start;
  -ms-flex-pack: start;
  justify-content: start;
  -webkit-align-items: center;
  -webkit-box-align: center;
  -ms-flex-align: center;
  align-items: center;
  margin-left: -5px;
}

.c26 > * {
  display: -webkit-inline-box;
  display: -webkit-inline-flex;
  display: -ms-inline-flexbox;
  display: inline-flex;
}

.c26 > * {
  margin-left: 5px;
}

.c25 {
  display: -webkit-box;
  display: -webkit-flex;
  display: -ms-flexbox;
  display: flex;
  -webkit-flex-direction: row;
  -ms-flex-direction: row;
  flex-direction: row;
  -webkit-box-pack: start;
  -webkit-justify-content: start;
  -ms-flex-pack: start;
  justify-content: start;
  -webkit-align-items: center;
  -webkit-box-align: center;
  -ms-flex-align: center;
  align-items: center;
  display: -webkit-inline-box;
  display: -webkit-inline-flex;
  display: -ms-inline-flexbox;
  display: inline-flex;
}

.c23 {
  height: 16px;
  width: 16px;
  line-height: 16px;
}

.c23 * {
  height: inherit;
  width: inherit;
}

.c1 {
  position: relative;
  display: -webkit-box;
  display: -webkit-flex;
  display: -ms-flexbox;
  display: flex;
  -webkit-flex-direction: column;
  -ms-flex-direction: column;
  flex-direction: column;
  margin: 10% auto;
  border: 0;
  outline: 0;
  width: 800px;
  height: px;
}

.c0 {
  position: fixed;
  font-family: Trebuchet MS,Tahoma,Verdana,Arial,sans-serif;
  font-size: 1.1em;
  top: 0;
  right: 0;
  bottom: 0;
  left: 0;
  margin: 0;
  background: rgba(102,102,102,0.5);
  z-index: 600;
  -webkit-transition: opacity 1s ease-in;
  transition: opacity 1s ease-in;
  width: 100%;
  height: 100%;
}

.c41 {
  width: 0;
  height: 0;
  cursor: nwse-resize;
  border-right: 20px solid transparent;
  border-bottom: 20px solid transparent;
  border-top: 20px solid #fff;
}

.c40 {
  position: absolute;
  bottom: 3px;
  right: 3px;
  width: 20px;
  height: 20px;
  background: repeating-linear-gradient( -45deg, transparent, transparent 2px, #000 2px, #000 3px );
}

.c2 {
  display: -webkit-box;
  display: -webkit-flex;
  display: -ms-flexbox;
  display: flex;
  -webkit-flex-direction: column;
  -ms-flex-direction: column;
  flex-direction: column;
  height: inherit;
  padding: 0;
  background: #fff;
  box-shadow: 5px 5px 10px #787878;
  border-radius: 3px;
  border: 1px solid #787878;
}

.c4 {
  display: -webkit-box;
  display: -webkit-flex;
  display: -ms-flexbox;
  display: flex;
  border: 1px solid #519032;
  font-weight: bold;
  font-size: 12px;
  font-family: Verdana,sans-serif;
  color: #519032;
  cursor: pointer;
  border-radius: 2px;
  padding: 0;
  -webkit-align-items: center;
  -webkit-box-align: center;
  -ms-flex-align: center;
  align-items: center;
  -webkit-box-pack: center;
  -webkit-justify-content: center;
  -ms-flex-pack: center;
  justify-content: center;
  -webkit-flex-shrink: 0;
  -ms-flex-negative: 0;
  flex-shrink: 0;
}

.c4:hover {
  color: #fff;
  background: #519032;
}

.c5 {
  height: 24px;
  width: 24px;
  line-height: 24px;
}

.c5 * {
  height: inherit;
  width: inherit;
}

.c31 {
  display: inline-block;
  padding: 0 15px;
  color: #393637;
  text-align: center;
  vertical-align: middle;
  font-size: 11px;
  font-weight: bold;
  line-height: 30px;
  -webkit-text-decoration: none;
  text-decoration: none;
  white-space: nowrap;
  background-color: #fff;
  border-radius: 2px;
  border: 1px solid #aaaaaa;
  cursor: pointer;
  overflow: visible;
  z-index: 1;
}

.c31:focus,
.c31:hover {
  border: 1px solid #393637;
}

.c31:hover {
  -webkit-text-decoration: none;
  text-decoration: none;
  background: #66c430;
  font-weight: bold;
  color: #fff;
}

.c31[disabled] {
  cursor: not-allowed;
  opacity: 0.65;
  box-shadow: none;
}

.c31 img {
  height: 32px;
  width: 32px;
  margin-top: 5px 10px 5px -10px;
  vertical-align: middle;
}

.c31:link {
  -webkit-text-decoration: none;
  text-decoration: none;
  color: #393637;
}

.c32 {
  display: -webkit-box;
  display: -webkit-flex;
  display: -ms-flexbox;
  display: flex;
  -webkit-flex-direction: row;
  -ms-flex-direction: row;
  flex-direction: row;
  -webkit-box-pack: center;
  -webkit-justify-content: center;
  -ms-flex-pack: center;
  justify-content: center;
  -webkit-align-items: center;
  -webkit-box-align: center;
  -ms-flex-align: center;
  align-items: center;
}

.c39 {
  border: 1px solid #787878;
  color: #519032;
  background: #87d050;
}

.c39:hover {
  color: #fff;
  background: #519032;
}

.c38 {
  display: -webkit-box;
  display: -webkit-flex;
  display: -ms-flexbox;
  display: flex;
  -webkit-flex-direction: row;
  -ms-flex-direction: row;
  flex-direction: row;
  -webkit-flex-shrink: 0;
  -ms-flex-negative: 0;
  flex-shrink: 0;
  -webkit-box-pack: end;
  -webkit-justify-content: flex-end;
  -ms-flex-pack: end;
  justify-content: flex-end;
  -webkit-align-items: center;
  -webkit-box-align: center;
  -ms-flex-align: center;
  align-items: center;
  border-width: 1px 0 0 0;
  border-style: solid;
  border-color: #c8d3d9;
  margin-top: 15px;
  padding: 10px 20px 10px 20px;
  -webkit-box-pack: justify;
  -webkit-justify-content: space-between;
  -ms-flex-pack: justify;
  justify-content: space-between;
}

.c3 {
  display: -webkit-box;
  display: -webkit-flex;
  display: -ms-flexbox;
  display: flex;
  -webkit-flex-direction: row;
  -ms-flex-direction: row;
  flex-direction: row;
  -webkit-box-pack: justify;
  -webkit-justify-content: space-between;
  -ms-flex-pack: justify;
  justify-content: space-between;
  -webkit-align-items: center;
  -webkit-box-align: center;
  -ms-flex-align: center;
  align-items: center;
  padding: 5px 5px 5px 10px;
  margin-bottom: 15px;
  border-radius: 2px 2px 0 0;
  border-bottom: 1px solid #787878;
  color: #fff;
  font-weight: bold;
  background: #66c430;
  -webkit-align-items: center;
  -webkit-box-align: center;
  -ms-flex-align: center;
  align-items: center;
  -webkit-box-pack: justify;
  -webkit-justify-content: space-between;
  -ms-flex-pack: justify;
  justify-content: space-between;
  -webkit-flex-shrink: 0;
  -ms-flex-negative: 0;
  flex-shrink: 0;
  cursor: -webkit-grab;
  cursor: -moz-grab;
  cursor: grab;
}

.c7 {
  overflow: auto;
  padding: 0 15px;
  width: 100%;
  height: 100%;
  max-height: 400px;
}

.c6 {
  display: -webkit-box;
  display: -webkit-flex;
  display: -ms-flexbox;
  display: flex;
  -webkit-flex-direction: column;
  -ms-flex-direction: column;
  flex-direction: column;
  -webkit-box-flex: 1;
  -webkit-flex-grow: 1;
  -ms-flex-positive: 1;
  flex-grow: 1;
  -webkit-box-pack: center;
  -webkit-justify-content: center;
  -ms-flex-pack: center;
  justify-content: center;
  -webkit-align-items: flex-start;
  -webkit-box-align: flex-start;
  -ms-flex-align: flex-start;
  align-items: flex-start;
  overflow: hidden;
  height: 100%;
}

.c9 {
  display: -webkit-box;
  display: -webkit-flex;
  display: -ms-flexbox;
  display: flex;
  -webkit-align-items: center;
  -webkit-box-align: center;
  -ms-flex-align: center;
  align-items: center;
  -webkit-box-pack: start;
  -webkit-justify-content: start;
  -ms-flex-pack: start;
  justify-content: start;
  padding-bottom: 10px;
}

.c10 {
  display: inline-block;
  max-width: 100%;
  font-weight: bold;
  text-align: right;
  padding-left: 10px;
  padding-right: 10px;
  width: 16.66666667%;
  margin-left: 0;
}

.c11 {
  display: -webkit-box;
  display: -webkit-flex;
  display: -ms-flexbox;
  display: flex;
  -webkit-flex-direction: row;
  -ms-flex-direction: row;
  flex-direction: row;
  -webkit-box-pack: start;
  -webkit-justify-content: start;
  -ms-flex-pack: start;
  justify-content: start;
  -webkit-align-items: center;
  -webkit-box-align: center;
  -ms-flex-align: center;
  align-items: center;
  width: 83.33333333%;
  padding-left: 10px;
  padding-right: 10px;
}

.c20 {
  background-color: transparent;
  border: none;
  cursor: pointer;
  display: -webkit-box;
  display: -webkit-flex;
  display: -ms-flexbox;
  display: flex;
  -webkit-align-items: center;
  -webkit-box-align: center;
  -ms-flex-align: center;
  align-items: center;
  -webkit-box-pack: center;
  -webkit-justify-content: center;
  -ms-flex-pack: center;
  justify-content: center;
  outline: none;
  margin: 1px;
  -webkit-user-select: none;
  -moz-user-select: none;
  -ms-user-select: none;
  user-select: none;
  cursor: pointer;
}

.c21 {
  height: 16px;
  width: 16px;
  line-height: 16px;
}

.c21 * {
  height: inherit;
  width: inherit;
}

.c17 {
  border: 1px solid #aaaaaa;
  border-radius: 2px;
  display: -webkit-box;
  display: -webkit-flex;
  display: -ms-flexbox;
  display: flex;
  -webkit-flex-direction: row;
  -ms-flex-direction: row;
  flex-direction: row;
  -webkit-align-items: stretch;
  -webkit-box-align: stretch;
  -ms-flex-align: stretch;
  align-items: stretch;
  -webkit-box-flex: 1;
  -webkit-flex-grow: 1;
  -ms-flex-positive: 1;
  flex-grow: 1;
  padding: 1px 5px;
  background-color: #fff;
  color: #000;
  font-weight: normal;
}

.c16 {
  display: -webkit-box;
  display: -webkit-flex;
  display: -ms-flexbox;
  display: flex;
  -webkit-flex-direction: column;
  -ms-flex-direction: column;
  flex-direction: column;
  position: relative;
  width: 230px;
}

.c37 {
  display: -webkit-box;
  display: -webkit-flex;
  display: -ms-flexbox;
  display: flex;
  -webkit-flex-direction: column;
  -ms-flex-direction: column;
  flex-direction: column;
  position: relative;
  width: 180px;
}

.c14 {
  color: #a94442;
  font-weight: bold;
  font-size: 19px;
  padding-bottom: 1px;
  padding-left: 4px;
  display: none;
}

.c18 {
  display: -webkit-box;
  display: -webkit-flex;
  display: -ms-flexbox;
  display: flex;
  -webkit-align-items: center;
  -webkit-box-align: center;
  -ms-flex-align: center;
  align-items: center;
  -webkit-box-flex: 1;
  -webkit-flex-grow: 1;
  -ms-flex-positive: 1;
  flex-grow: 1;
  word-break: keep-all;
  white-space: nowrap;
  overflow: hidden;
  cursor: pointer;
  cursor: default;
}

.c15 {
  display: -webkit-box;
  display: -webkit-flex;
  display: -ms-flexbox;
  display: flex;
}

.c12 {
  font-family: inherit;
  font-size: inherit;
  line-height: inherit;
  display: block;
  height: 22px;
  color: #393637;
  background-color: #fff;
  background-image: none;
  border: 1px solid #aaaaaa;
  border-radius: 2px;
  padding: 1px 8px;
}

.c12:-webkit-autofill {
  box-shadow: 0 0 0 1000px white inset;
}

.c13 {
  display: -webkit-box;
  display: -webkit-flex;
  display: -ms-flexbox;
  display: flex;
  -webkit-flex-direction: row;
  -ms-flex-direction: row;
  flex-direction: row;
  -webkit-box-flex: 1;
  -webkit-flex-grow: 1;
  -ms-flex-positive: 1;
  flex-grow: 1;
  -webkit-box-pack: start;
  -webkit-justify-content: start;
  -ms-flex-pack: start;
  justify-content: start;
  -webkit-align-items: center;
  -webkit-box-align: center;
  -ms-flex-align: center;
  align-items: center;
}

.c33 {
  display: -webkit-inline-box;
  display: -webkit-inline-flex;
  display: -ms-inline-flexbox;
  display: inline-flex;
  -webkit-flex-direction: row;
  -ms-flex-direction: row;
  flex-direction: row;
  -webkit-align-items: center;
  -webkit-box-align: center;
  -ms-flex-align: center;
  align-items: center;
  font-weight: normal;
  cursor: pointer;
}

.c34 {
  font-family: inherit;
  font-size: inherit;
  padding: 0;
  margin: 0;
  margin-left: 10px;
  line-height: normal;
  width: auto;
  height: auto;
}

.c36 {
  opacity: 1;
}

.c35 {
  display: -webkit-box;
  display: -webkit-flex;
  display: -ms-flexbox;
  display: flex;
  -webkit-flex-direction: row;
  -ms-flex-direction: row;
  flex-direction: row;
  -webkit-box-pack: start;
  -webkit-justify-content: start;
  -ms-flex-pack: start;
  justify-content: start;
  -webkit-align-items: center;
  -webkit-box-align: center;
  -ms-flex-align: center;
  align-items: center;
}

.c27 {
  border-radius: 2px;
  border: 1px solid #c8d3d9;
  background-color: #fff;
  font-size: 1.1em;
  position: relative;
  display: inline-block;
  overflow: hidden;
  padding: 0;
  vertical-align: middle;
}

.c28 {
  font-family: inherit;
  font-size: inherit;
  line-height: inherit;
  border: none;
  background: none;
  color: inherit;
  padding: 0;
  margin: 0.2em 0;
  vertical-align: middle;
  margin-left: 0.4em;
  margin-right: 22px;
}

.c29 {
  background-color: #c8d3d9;
  color: #787878;
  border-left: 1px solid #393637;
  width: 16px;
  height: 50%;
  font-size: 0.6em;
  padding: 0;
  margin: 0;
  text-align: center;
  vertical-align: middle;
  position: absolute;
  right: 0;
  cursor: default;
  display: block;
  overflow: hidden;
  -webkit-text-decoration: none;
  text-decoration: none;
  -webkit-user-select: none;
  -moz-user-select: none;
  -ms-user-select: none;
  user-select: none;
  border-top-right-radius: 1px;
  top: 0;
}

.c29:hover {
  background-color: #66c430;
  color: #fff;
  -webkit-text-decoration: none;
  text-decoration: none;
}

.c29:active {
  background-color: #fff;
  color: #519032;
  -webkit-text-decoration: none;
  text-decoration: none;
}

.c30 {
  background-color: #c8d3d9;
  color: #787878;
  border-left: 1px solid #393637;
  width: 16px;
  height: 50%;
  font-size: 0.6em;
  padding: 0;
  margin: 0;
  text-align: center;
  vertical-align: middle;
  position: absolute;
  right: 0;
  cursor: default;
  display: block;
  overflow: hidden;
  -webkit-text-decoration: none;
  text-decoration: none;
  -webkit-user-select: none;
  -moz-user-select: none;
  -ms-user-select: none;
  user-select: none;
  border-bottom-right-radius: 1px;
  bottom: 0;
}

.c30:hover {
  background-color: #66c430;
  color: #fff;
  -webkit-text-decoration: none;
  text-decoration: none;
}

.c30:active {
  background-color: #fff;
  color: #519032;
  -webkit-text-decoration: none;
  text-decoration: none;
}

.c24 {
  margin-left: 5px;
}

.c24:hover {
  cursor: pointer;
}

.c22 {
  display: -webkit-box;
  display: -webkit-flex;
  display: -ms-flexbox;
  display: flex;
  margin-right: 5px;
  width: auto;
}

<body>
  <div
    id="portals"
  >
    <div>
      <div
        class="c0"
      >
        <div
          class="c1"
          height="px"
          role="dialog"
          tabindex="1"
          width="800px"
        >
          <div
            class="c2"
          >
            <div
              class="c3"
              data-testid="dialog-title-bar"
            >
              <span>
                Edit Schedule schedule 1
              </span>
              <div
                class="c4 c5"
                data-testid="dialog-title-close-button"
                title="Close"
              >
                ×
              </div>
            </div>
            <div
              class="c6"
            >
              <div
                class="c7"
                data-testid="save-dialog-content"
              >
                <div
                  class="c8"
                >
                  <div
                    class="c9"
                  >
                    <label
                      class="c10"
                      data-testid="formgroup-title"
                    >
                      Name
                    </label>
                    <div
                      class="c11"
                      data-testid="formgroup-content"
                      size="10"
                    >
                      <input
                        class="c12 c13"
                        name="name"
                        size="30"
                        type="text"
                        value="schedule 1"
                      />
                      <div
                        class="c14"
                        data-testid="error-marker"
                      >
                        ×
                      </div>
                    </div>
                  </div>
                  <div
                    class="c9"
                  >
                    <label
                      class="c10"
                      data-testid="formgroup-title"
                    >
                      Comment
                    </label>
                    <div
                      class="c11"
                      data-testid="formgroup-content"
                      size="10"
                    >
                      <input
                        class="c12 c13"
                        name="comment"
                        size="30"
                        type="text"
                        value="hello world"
                      />
                      <div
                        class="c14"
                        data-testid="error-marker"
                      >
                        ×
                      </div>
                    </div>
                  </div>
                  <div
                    class="c9"
                  >
                    <label
                      class="c10"
                      data-testid="formgroup-title"
                    >
                      Timezone
                    </label>
                    <div
                      class="c11"
                      data-testid="formgroup-content"
                      size="10"
                    >
                      <div
                        aria-expanded="false"
                        aria-haspopup="listbox"
                        aria-labelledby="downshift-0-label"
                        class="c15"
                        role="combobox"
                      >
                        <div
                          class="c16"
                          width="230px"
                        >
                          <div
                            aria-haspopup="true"
                            aria-label="open menu"
                            class="c17"
                            data-toggle="true"
                            role="button"
                            type="button"
                          >
                            <div
                              class="c18"
                              data-testid="select-selected-value"
                              title="Coordinated Universal Time/UTC"
                            >
                              Coordinated Universal Time/UTC
                            </div>
                            <div
                              class="c19"
                            >
                              <span
                                class="c20 c21"
                                data-testid="select-open-button"
                              >
                                ▼
                              </span>
                            </div>
                          </div>
                        </div>
                        <div
                          class="c14"
                          data-testid="error-marker"
                        >
                          ×
                        </div>
                      </div>
                    </div>
                  </div>
                  <div
                    class="c9"
                  >
                    <label
                      class="c10"
                      data-testid="formgroup-title"
                    >
                      First Run
                    </label>
                    <div
                      class="c11"
                      data-testid="formgroup-content"
                      size="10"
                    >
                      <div
                        class="react-datepicker-wrapper"
                      >
                        <div
                          class="react-datepicker__input-container"
                        >
                          <div
                            class="c22"
                            width="auto"
                          >
                            02/08/2021
                            <span
                              class="c23 c24"
                              data-testid="svg-icon"
                            >
                              <svg>
                                calendar.svg
                              </svg>
                            </span>
                          </div>
                        </div>
                      </div>
                      <div
                        class="c25"
                      >
                        <div
                          class="c26"
                          margin="5px"
                        >
                          <span
                            class="c27"
                          >
                            <input
                              class="c28"
                              data-testid="spinner-input"
                              max="23"
                              maxlength="5"
                              min="0"
                              name="startHour"
                              size="2"
                              value="15"
                            />
                            <span
                              class="c29"
                              data-testid="spinner-up"
                            >
                              ▲
                            </span>
                            <span
                              class="c30"
                              data-testid="spinner-down"
                            >
                              ▼
                            </span>
                          </span>
                          <span>
                            h
                          </span>
                          <span
                            class="c27"
                          >
                            <input
                              class="c28"
                              data-testid="spinner-input"
                              max="59"
                              maxlength="5"
                              min="0"
                              name="startMinute"
                              size="2"
                              value="0"
                            />
                            <span
                              class="c29"
                              data-testid="spinner-up"
                            >
                              ▲
                            </span>
                            <span
                              class="c30"
                              data-testid="spinner-down"
                            >
                              ▼
                            </span>
                          </span>
                          <span>
                            m
                          </span>
                          <button
                            class="c31 c32"
                            title="Now"
                          >
                            Now
                          </button>
                        </div>
                      </div>
                    </div>
                  </div>
                  <div
                    class="c9"
                  >
                    <label
                      class="c10"
                      data-testid="formgroup-title"
                    >
                      Run Until
                    </label>
                    <div
                      class="c11"
                      data-testid="formgroup-content"
                      size="10"
                    >
                      <div
                        class="react-datepicker-wrapper"
                      >
                        <div
                          class="react-datepicker__input-container"
                        >
                          <div
                            class="c22"
                            width="auto"
                          >
                            02/08/2021
                            <span
                              class="c23 c24"
                              data-testid="svg-icon"
                            >
                              <svg>
                                calendar.svg
                              </svg>
                            </span>
                          </div>
                        </div>
                      </div>
                      <div
                        class="c25"
                      >
                        <div
                          class="c26"
                          margin="5px"
                        >
                          <span
                            class="c27"
                          >
                            <input
                              class="c28"
                              data-testid="spinner-input"
                              max="23"
                              maxlength="5"
                              min="0"
                              name="endHour"
                              size="2"
                              value="19"
                            />
                            <span
                              class="c29"
                              data-testid="spinner-up"
                            >
                              ▲
                            </span>
                            <span
                              class="c30"
                              data-testid="spinner-down"
                            >
                              ▼
                            </span>
                          </span>
                          <span>
                            h
                          </span>
                          <span
                            class="c27"
                          >
                            <input
                              class="c28"
                              data-testid="spinner-input"
                              max="59"
                              maxlength="5"
                              min="0"
                              name="endMinute"
                              size="2"
                              value="45"
                            />
                            <span
                              class="c29"
                              data-testid="spinner-up"
                            >
                              ▲
                            </span>
                            <span
                              class="c30"
                              data-testid="spinner-down"
                            >
                              ▼
                            </span>
                          </span>
                          <span>
                            m
                          </span>
                          <label
                            class="c33"
                          >
                            <div
                              class="c25"
                            >
                              <div
                                class="c26"
                                margin="5px"
                              >
                                <input
                                  class="c34 c35"
                                  name="endOpen"
                                  type="checkbox"
                                />
                                <span
                                  class="c36"
                                  data-testid="checkbox-title"
                                >
                                  Open End
                                </span>
                              </div>
                            </div>
                          </label>
                        </div>
                      </div>
                    </div>
                  </div>
                  <div
                    class="c9"
                  >
                    <label
                      class="c10"
                      data-testid="formgroup-title"
                    >
                      Duration
                    </label>
                    <div
                      class="c11"
                      data-testid="formgroup-content"
                      size="10"
                    >
                      <span>
                        5 hours
                      </span>
                    </div>
                  </div>
                  <div
                    class="c9"
                  >
                    <label
                      class="c10"
                      data-testid="formgroup-title"
                    >
                      Recurrence
                    </label>
                    <div
                      class="c11"
                      data-testid="formgroup-content"
                      size="10"
                    >
                      <div
                        aria-expanded="false"
                        aria-haspopup="listbox"
                        aria-labelledby="downshift-1-label"
                        class="c15"
                        role="combobox"
                      >
                        <div
                          class="c37"
                          width="180px"
                        >
                          <div
                            aria-haspopup="true"
                            aria-label="open menu"
                            class="c17"
                            data-toggle="true"
                            role="button"
                            type="button"
                          >
                            <div
                              class="c18"
                              data-testid="select-selected-value"
                              title="Weekly"
                            >
                              Weekly
                            </div>
                            <div
                              class="c19"
                            >
                              <span
                                class="c20 c21"
                                data-testid="select-open-button"
                              >
                                ▼
                              </span>
                            </div>
                          </div>
                        </div>
                        <div
                          class="c14"
                          data-testid="error-marker"
                        >
                          ×
                        </div>
                      </div>
                    </div>
                  </div>
                </div>
              </div>
            </div>
            <div
              class="c38"
            >
              <button
                class="c31 c32 c39"
                data-testid="dialog-close-button"
                title="Cancel"
              >
                Cancel
              </button>
              <button
                class="c31 c32 c39"
                data-testid="dialog-save-button"
                title="Save"
              >
                Save
              </button>
            </div>
          </div>
          <div
            class="c40"
          >
            <div
              class="c41"
            />
          </div>
        </div>
      </div>
    </div>
  </div>
  <div />
</body>
`;
