// Jest Snapshot v1, https://goo.gl/fbAQLP

exports[`SchedulePage ToolBarIcons test should render 1`] = `
.c1 {
  display: -webkit-box;
  display: -webkit-flex;
  display: -ms-flexbox;
  display: flex;
  -webkit-flex-direction: row;
  -ms-flex-direction: row;
  flex-direction: row;
  -webkit-box-pack: start;
  -webkit-justify-content: start;
  -ms-flex-pack: start;
  justify-content: start;
  -webkit-align-items: center;
  -webkit-box-align: center;
  -ms-flex-align: center;
  align-items: center;
  margin-left: -5px;
}

.c1 > * {
  display: -webkit-inline-box;
  display: -webkit-inline-flex;
  display: -ms-inline-flexbox;
  display: inline-flex;
}

.c1 > * {
  margin-left: 5px;
}

.c0 {
  display: -webkit-box;
  display: -webkit-flex;
  display: -ms-flexbox;
  display: flex;
  -webkit-flex-direction: row;
  -ms-flex-direction: row;
  flex-direction: row;
  -webkit-box-pack: start;
  -webkit-justify-content: start;
  -ms-flex-pack: start;
  justify-content: start;
  -webkit-align-items: center;
  -webkit-box-align: center;
  -ms-flex-align: center;
  align-items: center;
  display: -webkit-inline-box;
  display: -webkit-inline-flex;
  display: -ms-inline-flexbox;
  display: inline-flex;
}

.c3 {
  cursor: pointer;
}

.c2 {
  height: 16px;
  width: 16px;
  line-height: 16px;
}

.c2 * {
  height: inherit;
  width: inherit;
}

@media print {
  .c3 {
    display: none;
  }
}

<div
  class="c0"
>
  <div
    class="c1"
    margin="5px"
  >
    <a
      href="test/en/scanning.html#managing-schedules"
      rel="noopener noreferrer"
      target="_blank"
    >
      <span
        class="c2"
        data-testid="svg-icon"
        title="Help: Schedules"
      >
        <svg
          title="Help: Schedules"
        >
          help.svg
        </svg>
      </span>
    </a>
    <span
      class="c3 c2"
      data-testid="svg-icon"
      title="New Schedule"
    >
      <svg
        title="New Schedule"
      >
        new.svg
      </svg>
    </span>
  </div>
</div>
`;
