// Jest Snapshot v1, https://goo.gl/fbAQLP

exports[`ScanConfigsPage ToolBarIcons test should render 1`] = `
.c1 {
  display: -webkit-box;
  display: -webkit-flex;
  display: -ms-flexbox;
  display: flex;
  -webkit-flex-direction: row;
  -ms-flex-direction: row;
  flex-direction: row;
  -webkit-box-pack: start;
  -webkit-justify-content: start;
  -ms-flex-pack: start;
  justify-content: start;
  -webkit-align-items: center;
  -webkit-box-align: center;
  -ms-flex-align: center;
  align-items: center;
  margin-left: -5px;
}

.c1 > * {
  display: -webkit-inline-box;
  display: -webkit-inline-flex;
  display: -ms-inline-flexbox;
  display: inline-flex;
}

.c1 > * {
  margin-left: 5px;
}

.c0 {
  display: -webkit-box;
  display: -webkit-flex;
  display: -ms-flexbox;
  display: flex;
  -webkit-flex-direction: row;
  -ms-flex-direction: row;
  flex-direction: row;
  -webkit-box-pack: start;
  -webkit-justify-content: start;
  -ms-flex-pack: start;
  justify-content: start;
  -webkit-align-items: center;
  -webkit-box-align: center;
  -ms-flex-align: center;
  align-items: center;
  display: -webkit-inline-box;
  display: -webkit-inline-flex;
  display: -ms-inline-flexbox;
  display: inline-flex;
}

.c3 {
  cursor: pointer;
}

.c2 {
  height: 16px;
  width: 16px;
  line-height: 16px;
}

.c2 * {
  height: inherit;
  width: inherit;
}

@media print {
  .c3 {
    display: none;
  }
}

<div
  class="c0"
>
  <div
    class="c1"
    margin="5px"
  >
    <a
      href="test/en/scanning.html#managing-scan-configurations"
      rel="noopener noreferrer"
      target="_blank"
    >
      <span
        class="c2"
        data-testid="svg-icon"
        title="Help: Scan Configs"
      >
        <svg
          title="Help: Scan Configs"
        >
          help.svg
        </svg>
      </span>
    </a>
    <span
      class="c3 c2"
      data-testid="svg-icon"
      title="New Scan Config"
    >
      <svg
        title="New Scan Config"
      >
        new.svg
      </svg>
    </span>
    <span
      class="c3 c2"
      data-testid="svg-icon"
      title="Import Scan Config"
    >
      <svg
        title="Import Scan Config"
      >
        upload.svg
      </svg>
    </span>
  </div>
</div>
`;

exports[`ScanConfigsPage tests should render full ScanConfigsPage 1`] = `
.c0 {
  display: -webkit-box;
  display: -webkit-flex;
  display: -ms-flexbox;
  display: flex;
  -webkit-flex-direction: column;
  -ms-flex-direction: column;
  flex-direction: column;
  -webkit-box-flex: 1;
  -webkit-flex-grow: 1;
  -ms-flex-positive: 1;
  flex-grow: 1;
  -webkit-box-pack: center;
  -webkit-justify-content: center;
  -ms-flex-pack: center;
  justify-content: center;
  -webkit-align-items: stretch;
  -webkit-box-align: stretch;
  -ms-flex-align: stretch;
  align-items: stretch;
}

.c1 {
  display: -webkit-box;
  display: -webkit-flex;
  display: -ms-flexbox;
  display: flex;
  -webkit-flex-direction: row;
  -ms-flex-direction: row;
  flex-direction: row;
  -webkit-box-pack: justify;
  -webkit-justify-content: space-between;
  -ms-flex-pack: justify;
  justify-content: space-between;
  -webkit-align-items: flex-start;
  -webkit-box-align: flex-start;
  -ms-flex-align: flex-start;
  align-items: flex-start;
}

.c6 {
  display: -webkit-box;
  display: -webkit-flex;
  display: -ms-flexbox;
  display: flex;
  -webkit-flex-direction: row;
  -ms-flex-direction: row;
  flex-direction: row;
  -webkit-box-flex: 1;
  -webkit-flex-grow: 1;
  -ms-flex-positive: 1;
  flex-grow: 1;
  -webkit-box-pack: end;
  -webkit-justify-content: flex-end;
  -ms-flex-pack: end;
  justify-content: flex-end;
}

.c7 {
  display: -webkit-box;
  display: -webkit-flex;
  display: -ms-flexbox;
  display: flex;
  -webkit-flex-direction: column;
  -ms-flex-direction: column;
  flex-direction: column;
  -webkit-box-pack: start;
  -webkit-justify-content: flex-start;
  -ms-flex-pack: start;
  justify-content: flex-start;
  -webkit-align-items: stetch;
  -webkit-box-align: stetch;
  -ms-flex-align: stetch;
  align-items: stetch;
}

.c8 {
  display: -webkit-box;
  display: -webkit-flex;
  display: -ms-flexbox;
  display: flex;
  -webkit-flex-direction: row;
  -ms-flex-direction: row;
  flex-direction: row;
  -webkit-box-pack: justify;
  -webkit-justify-content: space-between;
  -ms-flex-pack: justify;
  justify-content: space-between;
  -webkit-align-items: center;
  -webkit-box-align: center;
  -ms-flex-align: center;
  align-items: center;
}

.c11 {
  display: -webkit-box;
  display: -webkit-flex;
  display: -ms-flexbox;
  display: flex;
  -webkit-flex-direction: row;
  -ms-flex-direction: row;
  flex-direction: row;
  -webkit-box-pack: start;
  -webkit-justify-content: flex-start;
  -ms-flex-pack: start;
  justify-content: flex-start;
  -webkit-align-items: center;
  -webkit-box-align: center;
  -ms-flex-align: center;
  align-items: center;
}

.c20 {
  display: -webkit-box;
  display: -webkit-flex;
  display: -ms-flexbox;
  display: flex;
  -webkit-flex-direction: row;
  -ms-flex-direction: row;
  flex-direction: row;
  -webkit-box-pack: center;
  -webkit-justify-content: center;
  -ms-flex-pack: center;
  justify-content: center;
  -webkit-align-items: center;
  -webkit-box-align: center;
  -ms-flex-align: center;
  align-items: center;
}

.c3 {
  display: -webkit-box;
  display: -webkit-flex;
  display: -ms-flexbox;
  display: flex;
  -webkit-flex-direction: row;
  -ms-flex-direction: row;
  flex-direction: row;
  -webkit-box-pack: start;
  -webkit-justify-content: start;
  -ms-flex-pack: start;
  justify-content: start;
  -webkit-align-items: center;
  -webkit-box-align: center;
  -ms-flex-align: center;
  align-items: center;
  margin-left: -5px;
}

.c3 > * {
  display: -webkit-inline-box;
  display: -webkit-inline-flex;
  display: -ms-inline-flexbox;
  display: inline-flex;
}

.c3 > * {
  margin-left: 5px;
}

.c9 {
  display: -webkit-box;
  display: -webkit-flex;
  display: -ms-flexbox;
  display: flex;
  -webkit-flex-direction: row;
  -ms-flex-direction: row;
  flex-direction: row;
  -webkit-box-pack: start;
  -webkit-justify-content: flex-start;
  -ms-flex-pack: start;
  justify-content: flex-start;
  -webkit-align-items: center;
  -webkit-box-align: center;
  -ms-flex-align: center;
  align-items: center;
  margin-left: -5px;
}

.c9 > * {
  display: -webkit-inline-box;
  display: -webkit-inline-flex;
  display: -ms-inline-flexbox;
  display: inline-flex;
}

.c9 > * {
  margin-left: 5px;
}

.c2 {
  display: -webkit-box;
  display: -webkit-flex;
  display: -ms-flexbox;
  display: flex;
  -webkit-flex-direction: row;
  -ms-flex-direction: row;
  flex-direction: row;
  -webkit-box-pack: start;
  -webkit-justify-content: start;
  -ms-flex-pack: start;
  justify-content: start;
  -webkit-align-items: center;
  -webkit-box-align: center;
  -ms-flex-align: center;
  align-items: center;
  display: -webkit-inline-box;
  display: -webkit-inline-flex;
  display: -ms-inline-flexbox;
  display: inline-flex;
}

.c5 {
  cursor: pointer;
}

.c4 {
  height: 16px;
  width: 16px;
  line-height: 16px;
}

.c4 * {
  height: inherit;
  width: inherit;
}

.c27 {
  height: 50px;
  width: 50px;
  line-height: 50px;
}

.c27 * {
  height: inherit;
  width: inherit;
}

.c23 {
  display: -webkit-box;
  display: -webkit-flex;
  display: -ms-flexbox;
  display: flex;
  -webkit-flex-direction: row;
  -ms-flex-direction: row;
  flex-direction: row;
  -webkit-box-pack: justify;
  -webkit-justify-content: space-between;
  -ms-flex-pack: justify;
  justify-content: space-between;
  -webkit-align-items: flex-end;
  -webkit-box-align: flex-end;
  -ms-flex-align: flex-end;
  align-items: flex-end;
  margin: 10px 0px;
  padding-bottom: 1px;
  border-bottom: 2px solid #c8d3d9;
  position: relative;
}

.c24 {
  margin: 0 0 1px 0;
}

.c25 {
  display: -webkit-box;
  display: -webkit-flex;
  display: -ms-flexbox;
  display: flex;
  -webkit-flex-direction: row;
  -ms-flex-direction: row;
  flex-direction: row;
  -webkit-box-pack: start;
  -webkit-justify-content: flex-start;
  -ms-flex-pack: start;
  justify-content: flex-start;
  -webkit-align-items: stretch;
  -webkit-box-align: stretch;
  -ms-flex-align: stretch;
  align-items: stretch;
}

.c26 {
  display: -webkit-box;
  display: -webkit-flex;
  display: -ms-flexbox;
  display: flex;
  -webkit-flex-direction: row;
  -ms-flex-direction: row;
  flex-direction: row;
  -webkit-box-pack: start;
  -webkit-justify-content: flex-start;
  -ms-flex-pack: start;
  justify-content: flex-start;
  -webkit-align-items: flex-end;
  -webkit-box-align: flex-end;
  -ms-flex-align: flex-end;
  align-items: flex-end;
  margin-right: 5px;
}

.c28 {
  display: -webkit-box;
  display: -webkit-flex;
  display: -ms-flexbox;
  display: flex;
  -webkit-flex-direction: row;
  -ms-flex-direction: row;
  flex-direction: row;
  -webkit-box-pack: start;
  -webkit-justify-content: flex-start;
  -ms-flex-pack: start;
  justify-content: flex-start;
  -webkit-align-items: flex-end;
  -webkit-box-align: flex-end;
  -ms-flex-align: flex-end;
  align-items: flex-end;
  word-break: break-all;
  min-width: 100px;
}

.c21 {
  background-color: transparent;
  border: none;
  cursor: pointer;
  display: -webkit-box;
  display: -webkit-flex;
  display: -ms-flexbox;
  display: flex;
  -webkit-align-items: center;
  -webkit-box-align: center;
  -ms-flex-align: center;
  align-items: center;
  -webkit-box-pack: center;
  -webkit-justify-content: center;
  -ms-flex-pack: center;
  justify-content: center;
  outline: none;
  margin: 1px;
  -webkit-user-select: none;
  -moz-user-select: none;
  -ms-user-select: none;
  user-select: none;
  cursor: pointer;
}

.c22 {
  height: 16px;
  width: 16px;
  line-height: 16px;
}

.c22 * {
  height: inherit;
  width: inherit;
}

.c18 {
  border: 1px solid #aaaaaa;
  border-radius: 2px;
  display: -webkit-box;
  display: -webkit-flex;
  display: -ms-flexbox;
  display: flex;
  -webkit-flex-direction: row;
  -ms-flex-direction: row;
  flex-direction: row;
  -webkit-align-items: stretch;
  -webkit-box-align: stretch;
  -ms-flex-align: stretch;
  align-items: stretch;
  -webkit-box-flex: 1;
  -webkit-flex-grow: 1;
  -ms-flex-positive: 1;
  flex-grow: 1;
  padding: 1px 5px;
  background-color: #fff;
  color: #000;
  font-weight: normal;
}

.c17 {
  display: -webkit-box;
  display: -webkit-flex;
  display: -ms-flexbox;
  display: flex;
  -webkit-flex-direction: column;
  -ms-flex-direction: column;
  flex-direction: column;
  position: relative;
  width: 150px;
}

.c15 {
  color: #a94442;
  font-weight: bold;
  font-size: 19px;
  padding-bottom: 1px;
  padding-left: 4px;
  display: none;
}

.c19 {
  display: -webkit-box;
  display: -webkit-flex;
  display: -ms-flexbox;
  display: flex;
  -webkit-align-items: center;
  -webkit-box-align: center;
  -ms-flex-align: center;
  align-items: center;
  -webkit-box-flex: 1;
  -webkit-flex-grow: 1;
  -ms-flex-positive: 1;
  flex-grow: 1;
  word-break: keep-all;
  white-space: nowrap;
  overflow: hidden;
  cursor: pointer;
  cursor: default;
}

.c16 {
  display: -webkit-box;
  display: -webkit-flex;
  display: -ms-flexbox;
  display: flex;
}

.c13 {
  font-family: inherit;
  font-size: inherit;
  line-height: inherit;
  display: block;
  height: 22px;
  color: #393637;
  background-color: #fff;
  background-image: none;
  border: 1px solid #aaaaaa;
  border-radius: 2px;
  padding: 1px 8px;
}

.c13:-webkit-autofill {
  box-shadow: 0 0 0 1000px white inset;
}

.c14 {
  display: -webkit-box;
  display: -webkit-flex;
  display: -ms-flexbox;
  display: flex;
  -webkit-flex-direction: row;
  -ms-flex-direction: row;
  flex-direction: row;
  -webkit-box-pack: start;
  -webkit-justify-content: start;
  -ms-flex-pack: start;
  justify-content: start;
  -webkit-align-items: center;
  -webkit-box-align: center;
  -ms-flex-align: center;
  align-items: center;
}

.c12 {
  margin-right: 5px;
}

.c10 {
  margin-right: 5px;
}

@media print {
  .c5 {
    display: none;
  }
}

<body>
  <div
    id="portals"
  />
  <div>
    <div
      class="c0"
    >
      <div
        class="c1 toolbar"
      >
        <div
          class="c2"
        >
          <div
            class="c3"
            margin="5px"
          >
            <a
              href="test/en/scanning.html#managing-scan-configurations"
              rel="noopener noreferrer"
              target="_blank"
            >
              <span
                class="c4"
                data-testid="svg-icon"
                title="Help: Scan Configs"
              >
                <svg
                  title="Help: Scan Configs"
                >
                  help.svg
                </svg>
              </span>
            </a>
            <span
              class="c5 c4"
              data-testid="svg-icon"
              title="New Scan Config"
            >
              <svg
                title="New Scan Config"
              >
                new.svg
              </svg>
            </span>
            <span
              class="c5 c4"
              data-testid="svg-icon"
              title="Import Scan Config"
            >
              <svg
                title="Import Scan Config"
              >
                upload.svg
              </svg>
            </span>
          </div>
        </div>
        <div
          class="c6"
        >
          <div
            class="c7 powerfilter"
          >
            <div
              class="c8"
            >
              <div
                class="c2"
              >
                <div
                  class="c9 c10"
                  margin="5px"
                >
                  <div
                    class="c11"
                  >
                    <label
                      class="c12"
                    >
                      <b>
                        Filter
                      </b>
                    </label>
                    <input
                      class="c13 c14"
                      maxlength="1000"
                      name="userFilterString"
                      size="53"
                      type="text"
                      value="foo=bar"
                    />
                    <div
                      class="c15"
                      data-testid="error-marker"
                    >
                      ×
                    </div>
                  </div>
                  <div
                    class="c2"
                  >
                    <div
                      class="c9"
                      margin="5px"
                    >
                      <span
                        class="c5 c4"
                        data-testid="svg-icon"
                        title="Update Filter"
                      >
                        <svg
                          title="Update Filter"
                        >
                          refresh.svg
                        </svg>
                      </span>
                      <span
                        class="c5 c4"
                        data-testid="svg-icon"
                        title="Remove Filter"
                      >
                        <svg
                          title="Remove Filter"
                        >
                          delete.svg
                        </svg>
                      </span>
                      <span
                        class="c5 c4"
                        data-testid="svg-icon"
                        title="Reset to Default Filter"
                      >
                        <svg
                          title="Reset to Default Filter"
                        >
                          reset.svg
                        </svg>
                      </span>
                      <a
                        href="test/en/web-interface.html#filtering-the-page-content"
                        rel="noopener noreferrer"
                        target="_blank"
                      >
                        <span
                          class="c4"
                          data-testid="svg-icon"
                          title="Help: Powerfilter"
                        >
                          <svg
                            title="Help: Powerfilter"
                          >
                            help.svg
                          </svg>
                        </span>
                      </a>
                      <span
                        class="c5 c4"
                        data-testid="svg-icon"
                        title="Edit Filter"
                      >
                        <svg
                          title="Edit Filter"
                        >
                          edit.svg
                        </svg>
                      </span>
                    </div>
                  </div>
                </div>
              </div>
              <div
                aria-expanded="false"
                aria-haspopup="listbox"
                aria-labelledby="downshift-0-label"
                class="c16"
                role="combobox"
              >
                <div
                  class="c17"
                  width="150px"
                >
                  <div
                    aria-haspopup="true"
                    aria-label="open menu"
                    class="c18"
                    data-toggle="true"
                    role="button"
                    title="Loaded filter"
                    type="button"
                  >
                    <div
                      class="c19"
                      data-testid="select-selected-value"
                      title="Loaded filter"
                    >
                      --
                    </div>
                    <div
                      class="c20"
                    >
                      <span
                        class="c21 c22"
                        data-testid="select-open-button"
                      >
                        ▼
                      </span>
                    </div>
                  </div>
                </div>
                <div
                  class="c15"
                  data-testid="error-marker"
                >
                  ×
                </div>
              </div>
            </div>
          </div>
        </div>
      </div>
      <section
        class="entities-section"
        data-testid="entities-section"
      >
        <div
          class="c23 section-header"
        >
          <h2
            class="c24 c25"
          >
            <div
              class="c26"
            >
              <span
                class="c27"
                data-testid="svg-icon"
              >
                <svg>
                  config.svg
                </svg>
              </span>
            </div>
            <div
              class="c28"
            >
              Scan Configs
            </div>
          </h2>
          <div
            class="c8"
          />
        </div>
        <div
          class="c0"
        />
      </section>
    </div>
    <a
      aria-hidden="true"
      style="display: none;"
    >
      Download
    </a>
    <a
      aria-hidden="true"
      style="display: none;"
    >
      Download
    </a>
  </div>
</body>
`;
