// Jest Snapshot v1, https://goo.gl/fbAQLP

exports[`Credential Detailspage tests should render full Detailspage 1`] = `
.c0 {
  display: -webkit-box;
  display: -webkit-flex;
  display: -ms-flexbox;
  display: flex;
  -webkit-flex-direction: column;
  -ms-flex-direction: column;
  flex-direction: column;
  -webkit-box-flex: 1;
  -webkit-flex-grow: 1;
  -ms-flex-positive: 1;
  flex-grow: 1;
  -webkit-box-pack: start;
  -webkit-justify-content: flex-start;
  -ms-flex-pack: start;
  justify-content: flex-start;
}

.c1 {
  display: -webkit-box;
  display: -webkit-flex;
  display: -ms-flexbox;
  display: flex;
  -webkit-flex-direction: row;
  -ms-flex-direction: row;
  flex-direction: row;
  -webkit-box-pack: justify;
  -webkit-justify-content: space-between;
  -ms-flex-pack: justify;
  justify-content: space-between;
  -webkit-align-items: flex-start;
  -webkit-box-align: flex-start;
  -ms-flex-align: flex-start;
  align-items: flex-start;
}

.c15 {
  display: -webkit-box;
  display: -webkit-flex;
  display: -ms-flexbox;
  display: flex;
  -webkit-flex-direction: row;
  -ms-flex-direction: row;
  flex-direction: row;
  -webkit-box-pack: justify;
  -webkit-justify-content: space-between;
  -ms-flex-pack: justify;
  justify-content: space-between;
  -webkit-align-items: center;
  -webkit-box-align: center;
  -ms-flex-align: center;
  align-items: center;
}

.c16 {
  display: -webkit-box;
  display: -webkit-flex;
  display: -ms-flexbox;
  display: flex;
  -webkit-flex-direction: row;
  -ms-flex-direction: row;
  flex-direction: row;
  -webkit-box-pack: start;
  -webkit-justify-content: flex-start;
  -ms-flex-pack: start;
  justify-content: flex-start;
}

.c18 {
  display: -webkit-box;
  display: -webkit-flex;
  display: -ms-flexbox;
  display: flex;
  -webkit-flex-direction: column;
  -ms-flex-direction: column;
  flex-direction: column;
  -webkit-box-flex: 1;
  -webkit-flex-grow: 1;
  -ms-flex-positive: 1;
  flex-grow: 1;
  -webkit-box-pack: center;
  -webkit-justify-content: center;
  -ms-flex-pack: center;
  justify-content: center;
  -webkit-align-items: stretch;
  -webkit-box-align: stretch;
  -ms-flex-align: stretch;
  align-items: stretch;
}

.c20 {
  display: -webkit-box;
  display: -webkit-flex;
  display: -ms-flexbox;
  display: flex;
  -webkit-flex-direction: row;
  -ms-flex-direction: row;
  flex-direction: row;
  -webkit-box-pack: start;
  -webkit-justify-content: flex-start;
  -ms-flex-pack: start;
  justify-content: flex-start;
  -webkit-align-items: stretch;
  -webkit-box-align: stretch;
  -ms-flex-align: stretch;
  align-items: stretch;
}

.c23 {
  display: -webkit-box;
  display: -webkit-flex;
  display: -ms-flexbox;
  display: flex;
  -webkit-flex-direction: column;
  -ms-flex-direction: column;
  flex-direction: column;
  -webkit-box-pack: center;
  -webkit-justify-content: center;
  -ms-flex-pack: center;
  justify-content: center;
  -webkit-align-items: center;
  -webkit-box-align: center;
  -ms-flex-align: center;
  align-items: center;
}

.c25 {
  display: -webkit-box;
  display: -webkit-flex;
  display: -ms-flexbox;
  display: flex;
  -webkit-flex-direction: column;
  -ms-flex-direction: column;
  flex-direction: column;
  -webkit-box-pack: center;
  -webkit-justify-content: center;
  -ms-flex-pack: center;
  justify-content: center;
  -webkit-align-items: stretch;
  -webkit-box-align: stretch;
  -ms-flex-align: stretch;
  align-items: stretch;
}

.c6 {
  display: -webkit-inline-box;
  display: -webkit-inline-flex;
  display: -ms-inline-flexbox;
  display: inline-flex;
}

.c3 {
  display: -webkit-box;
  display: -webkit-flex;
  display: -ms-flexbox;
  display: flex;
  -webkit-flex-direction: row;
  -ms-flex-direction: row;
  flex-direction: row;
  -webkit-box-pack: start;
  -webkit-justify-content: start;
  -ms-flex-pack: start;
  justify-content: start;
  -webkit-align-items: center;
  -webkit-box-align: center;
  -ms-flex-align: center;
  align-items: center;
  margin-left: -10px;
}

.c3 > * {
  display: -webkit-inline-box;
  display: -webkit-inline-flex;
  display: -ms-inline-flexbox;
  display: inline-flex;
}

.c3 > * {
  margin-left: 10px;
}

.c4 {
  display: -webkit-box;
  display: -webkit-flex;
  display: -ms-flexbox;
  display: flex;
  -webkit-flex-direction: row;
  -ms-flex-direction: row;
  flex-direction: row;
  -webkit-box-pack: start;
  -webkit-justify-content: start;
  -ms-flex-pack: start;
  justify-content: start;
  -webkit-align-items: center;
  -webkit-box-align: center;
  -ms-flex-align: center;
  align-items: center;
  margin-left: -5px;
}

.c4 > * {
  display: -webkit-inline-box;
  display: -webkit-inline-flex;
  display: -ms-inline-flexbox;
  display: inline-flex;
}

.c4 > * {
  margin-left: 5px;
}

.c8 {
  display: -webkit-box;
  display: -webkit-flex;
  display: -ms-flexbox;
  display: flex;
  -webkit-flex-direction: row;
  -ms-flex-direction: row;
  flex-direction: row;
  -webkit-box-pack: center;
  -webkit-justify-content: center;
  -ms-flex-pack: center;
  justify-content: center;
  -webkit-align-items: center;
  -webkit-box-align: center;
  -ms-flex-align: center;
  align-items: center;
  margin-left: -5px;
}

.c8 > * {
  display: -webkit-inline-box;
  display: -webkit-inline-flex;
  display: -ms-inline-flexbox;
  display: inline-flex;
}

.c8 > * {
  margin-left: 5px;
}

.c2 {
  display: -webkit-box;
  display: -webkit-flex;
  display: -ms-flexbox;
  display: flex;
  -webkit-flex-direction: row;
  -ms-flex-direction: row;
  flex-direction: row;
  -webkit-box-pack: start;
  -webkit-justify-content: start;
  -ms-flex-pack: start;
  justify-content: start;
  -webkit-align-items: center;
  -webkit-box-align: center;
  -ms-flex-align: center;
  align-items: center;
  display: -webkit-inline-box;
  display: -webkit-inline-flex;
  display: -ms-inline-flexbox;
  display: inline-flex;
}

.c7 {
  cursor: pointer;
}

.c5 {
  height: 16px;
  width: 16px;
  line-height: 16px;
}

.c5 * {
  height: inherit;
  width: inherit;
}

.c13 {
  height: 50px;
  width: 50px;
  line-height: 50px;
}

.c13 * {
  height: inherit;
  width: inherit;
}

.c9 {
  display: -webkit-box;
  display: -webkit-flex;
  display: -ms-flexbox;
  display: flex;
  -webkit-flex-direction: row;
  -ms-flex-direction: row;
  flex-direction: row;
  -webkit-box-pack: justify;
  -webkit-justify-content: space-between;
  -ms-flex-pack: justify;
  justify-content: space-between;
  -webkit-align-items: flex-end;
  -webkit-box-align: flex-end;
  -ms-flex-align: flex-end;
  align-items: flex-end;
  margin: 10px 0px;
  padding-bottom: 1px;
  border-bottom: 2px solid #c8d3d9;
  position: relative;
}

.c10 {
  margin: 0 0 1px 0;
}

.c11 {
  display: -webkit-box;
  display: -webkit-flex;
  display: -ms-flexbox;
  display: flex;
  -webkit-flex-direction: row;
  -ms-flex-direction: row;
  flex-direction: row;
  -webkit-box-pack: start;
  -webkit-justify-content: flex-start;
  -ms-flex-pack: start;
  justify-content: flex-start;
  -webkit-align-items: stretch;
  -webkit-box-align: stretch;
  -ms-flex-align: stretch;
  align-items: stretch;
}

.c12 {
  display: -webkit-box;
  display: -webkit-flex;
  display: -ms-flexbox;
  display: flex;
  -webkit-flex-direction: row;
  -ms-flex-direction: row;
  flex-direction: row;
  -webkit-box-pack: start;
  -webkit-justify-content: flex-start;
  -ms-flex-pack: start;
  justify-content: flex-start;
  -webkit-align-items: flex-end;
  -webkit-box-align: flex-end;
  -ms-flex-align: flex-end;
  align-items: flex-end;
  margin-right: 5px;
}

.c14 {
  display: -webkit-box;
  display: -webkit-flex;
  display: -ms-flexbox;
  display: flex;
  -webkit-flex-direction: row;
  -ms-flex-direction: row;
  flex-direction: row;
  -webkit-box-pack: start;
  -webkit-justify-content: flex-start;
  -ms-flex-pack: start;
  justify-content: flex-start;
  -webkit-align-items: flex-end;
  -webkit-box-align: flex-end;
  -ms-flex-align: flex-end;
  align-items: flex-end;
  word-break: break-all;
  min-width: 100px;
}

.c21 {
  font-size: 16px;
  display: -webkit-box;
  display: -webkit-flex;
  display: -ms-flexbox;
  display: flex;
  -webkit-align-items: start;
  -webkit-box-align: start;
  -ms-flex-align: start;
  align-items: start;
  -webkit-box-flex: 1;
  -webkit-flex-grow: 1;
  -ms-flex-positive: 1;
  flex-grow: 1;
  padding-left: 8px;
  padding-right: 8px;
  padding-bottom: 2px;
  padding-top: 2px;
  border-left: 1px solid #eeeeee;
  border-right: 1px solid #c8d3d9;
  cursor: pointer;
  background-color: #eeeeee;
  border-bottom: 1px solid #eeeeee;
  margin-bottom: -2px;
  border-top: 2px solid #87d050;
}

.c21:first-child {
  border-left: 1px solid #c8d3d9;
}

.c22 {
  font-size: 16px;
  display: -webkit-box;
  display: -webkit-flex;
  display: -ms-flexbox;
  display: flex;
  -webkit-align-items: start;
  -webkit-box-align: start;
  -ms-flex-align: start;
  align-items: start;
  -webkit-box-flex: 1;
  -webkit-flex-grow: 1;
  -ms-flex-positive: 1;
  flex-grow: 1;
  padding-left: 8px;
  padding-right: 8px;
  padding-bottom: 2px;
  padding-top: 2px;
  border-left: 1px solid #fff;
  border-right: 1px solid #c8d3d9;
  cursor: pointer;
  border-top: 2px solid #fff;
}

.c22:hover {
  border-top: 2px solid #c8d3d9;
}

.c22:first-child {
  border-left: 1px solid #fff;
}

.c19 {
  display: -webkit-box;
  display: -webkit-flex;
  display: -ms-flexbox;
  display: flex;
  -webkit-flex-direction: row;
  -ms-flex-direction: row;
  flex-direction: row;
  -webkit-box-flex: 1;
  -webkit-flex-grow: 1;
  -ms-flex-positive: 1;
  flex-grow: 1;
  -webkit-box-pack: start;
  -webkit-justify-content: flex-start;
  -ms-flex-pack: start;
  justify-content: flex-start;
  -webkit-align-items: flex-end;
  -webkit-box-align: flex-end;
  -ms-flex-align: flex-end;
  align-items: flex-end;
  border-bottom: 2px solid #66c430;
  margin-top: 30px;
  margin-bottom: 15px;
}

.c26 {
  border: 0;
  border-spacing: 0px;
  font-size: 12px;
  text-align: left;
  table-layout: auto;
}

.c30 {
  display: -webkit-box;
  display: -webkit-flex;
  display: -ms-flexbox;
  display: flex;
  -webkit-flex-direction: row;
  -ms-flex-direction: row;
  flex-direction: row;
  -webkit-box-pack: start;
  -webkit-justify-content: start;
  -ms-flex-pack: start;
  justify-content: start;
  -webkit-align-items: center;
  -webkit-box-align: center;
  -ms-flex-align: center;
  align-items: center;
  font-size: 10px;
  color: #787878;
  text-align: left;
}

.c27 td {
  padding: 4px 4px 4px 0;
}

.c27 tr td:first-child {
  padding-right: 5px;
}

.c17 {
  display: -webkit-box;
  display: -webkit-flex;
  display: -ms-flexbox;
  display: flex;
  -webkit-flex-direction: row;
  -ms-flex-direction: row;
  flex-direction: row;
  -webkit-box-pack: start;
  -webkit-justify-content: start;
  -ms-flex-pack: start;
  justify-content: start;
  -webkit-align-items: center;
  -webkit-box-align: center;
  -ms-flex-align: center;
  align-items: center;
  border-spacing: 0px;
  color: #787878;
  font-size: 10px;
}

.c17 :nth-child(even) {
  margin-left: 3px;
}

.c17 :nth-child(odd) {
  margin-left: 30px;
}

.c28 {
  width: 10%;
}

.c29 {
  width: 90%;
}

.c24 {
  font-size: 0.7em;
}

@media print {
  .c7 {
    display: none;
  }
}

@media print {
  .c26 {
    border-collapse: collapse;
  }
}

<div
  class="c0"
>
  <div
    class="c1 toolbar"
  >
    <div
      class="c2"
    >
      <div
        class="c3"
        margin="10px"
      >
        <div
          class="c2"
        >
          <div
            class="c4"
            margin="5px"
          >
            <a
              href="test/en/scanning.html#managing-credentials"
              rel="noopener noreferrer"
              target="_blank"
            >
              <span
                class="c5"
                data-testid="svg-icon"
                title="Help: Credentials"
              >
                <svg
                  title="Help: Credentials"
                >
                  help.svg
                </svg>
              </span>
            </a>
            <a
              class="c6"
              href="/credentials"
            >
              <span
                class="c5"
                data-testid="svg-icon"
                title="Credential List"
              >
                <svg
                  title="Credential List"
                >
                  list.svg
                </svg>
              </span>
            </a>
          </div>
        </div>
        <div
          class="c2"
        >
          <div
            class="c4"
            margin="5px"
          >
            <span
              class="c7 c5"
              data-testid="svg-icon"
              title="Create new Credential"
            >
              <svg
                title="Create new Credential"
              >
                new.svg
              </svg>
            </span>
            <span
              class="c7 c5"
              data-testid="svg-icon"
              title="Clone Credential"
            >
              <svg
                title="Clone Credential"
              >
                clone.svg
              </svg>
            </span>
            <span
              class="c7 c5"
              data-testid="svg-icon"
              title="Edit Credential"
            >
              <svg
                title="Edit Credential"
              >
                edit.svg
              </svg>
            </span>
            <span
              class="c7 c5"
              data-testid="svg-icon"
              title="Move Credential to trashcan"
            >
              <svg
                title="Move Credential to trashcan"
              >
                trashcan.svg
              </svg>
            </span>
            <span
              class="c7 c5"
              data-testid="svg-icon"
              title="Export Credential as XML"
            >
              <svg
                title="Export Credential as XML"
              >
                export.svg
              </svg>
            </span>
          </div>
        </div>
        <div
          class="c2"
        >
          <div
            class="c8"
            margin="5px"
          >
            <span
              class="c7 c5"
              data-testid="svg-icon"
              title="Download Certificate (.pem)"
            >
              <svg
                title="Download Certificate (.pem)"
              >
                dl_key.svg
              </svg>
            </span>
          </div>
        </div>
      </div>
    </div>
  </div>
  <section
    class="entity-section"
  >
    <div
      class="c9 section-header"
    >
      <h2
        class="c10 c11"
      >
        <div
          class="c12"
        >
          <span
            class="c13"
            data-testid="svg-icon"
          >
            <svg>
              credential.svg
            </svg>
          </span>
        </div>
        <div
          class="c14"
        >
          Credential: credential 1
        </div>
      </h2>
      <div
        class="c15"
      >
        <div
          class="c16"
        >
          <div
            class="c17"
          >
            <div>
              ID:
            </div>
            <div>
              6575
            </div>
            <div>
              Created:
            </div>
            <div>
              Wed, Dec 16, 2020 4:23 PM CET
            </div>
            <div>
              Modified:
            </div>
            <div>
              Tue, Mar 2, 2021 11:28 AM CET
            </div>
            <div>
              Owner:
            </div>
            <span>
              admin
            </span>
          </div>
        </div>
      </div>
    </div>
    <div
      class="c18"
    >
      <div
        class="c19"
      >
        <div
          class="c20"
        >
          <div
            class="c21"
            data-testid="tab"
          >
            Information
          </div>
          <div
            class="c22"
            data-testid="tab"
          >
            <div
              class="c23"
            >
              <span
                data-testid="entities-tab-title"
              >
                User Tags
              </span>
              <span
                class="c24"
              >
                (
                <i>
                  0
                </i>
                )
              </span>
            </div>
          </div>
          <div
            class="c22"
            data-testid="tab"
          >
            <div
              class="c23"
            >
              <span
                data-testid="entities-tab-title"
              >
                Permissions
              </span>
              <span
                class="c24"
              >
                (
                <i>
                  0
                </i>
                )
              </span>
            </div>
          </div>
        </div>
      </div>
      <div
        class="c25"
      >
        <div
          class="c18"
        >
          <table
            class="c26 c27"
          >
            <colgroup>
              <col
                class="c28"
                width="10%"
              />
              <col
                class="c29"
                width="90%"
              />
            </colgroup>
            <tbody
              class=""
            >
              <tr>
                <td>
                  <div
                    class="c25"
                  >
                    Comment
                  </div>
                </td>
                <td>
                  <div
                    class="c25"
                  >
                    blah
                  </div>
                </td>
              </tr>
              <tr>
                <td>
                  <div
                    class="c25"
                  >
                    Type
                  </div>
                </td>
                <td>
                  <div
                    class="c25"
                  >
                    <div
                      class="c2"
                    >
                      <div
                        class="c4"
                        margin="5px"
                      >
                        <span>
                          Client Certificate
                        </span>
                        <div
                          class="c30"
                        >
                          (
                          cc
                          )
                        </div>
                      </div>
                    </div>
                  </div>
                </td>
              </tr>
              <tr>
                <td>
                  <div
                    class="c25"
                  >
                    Allow Insecure Use
                  </div>
                </td>
                <td>
                  <div
                    class="c25"
                  >
                    Yes
                  </div>
                </td>
              </tr>
            </tbody>
          </table>
        </div>
        <div
          class="c25"
        >
          <h2>
            Certificate
          </h2>
          <div>
            <table
              class="c26 c27"
            >
              <tbody
                class=""
              >
                <tr>
                  <td>
                    <div
                      class="c25"
                    >
                      Activation
                    </div>
                  </td>
                  <td>
                    <div
                      class="c25"
                    >
                      <div
                        class="c2"
                      >
                        <div
                          class="c4"
                          margin="5px"
                        >
                          Wed, Oct 10, 2018 1:41 PM CEST
                        </div>
                      </div>
                    </div>
                  </td>
                </tr>
                <tr>
                  <td>
                    <div
                      class="c25"
                    >
                      Expiration
                    </div>
                  </td>
                  <td>
                    <div
                      class="c25"
                    >
                      <div
                        class="c2"
                      >
                        <div
                          class="c4"
                          margin="5px"
                        >
                          Thu, Oct 10, 2019 1:41 PM CEST
                        </div>
                      </div>
                    </div>
                  </td>
                </tr>
                <tr>
                  <td>
                    <div
                      class="c25"
                    >
                      MD5 Fingerprint
                    </div>
                  </td>
                  <td>
                    <div
                      class="c25"
                    >
                      asdf
                    </div>
                  </td>
                </tr>
                <tr>
                  <td>
                    <div
                      class="c25"
                    >
                      Issued By
                    </div>
                  </td>
                  <td>
                    <div
                      class="c25"
                    >
                      dn
                    </div>
                  </td>
                </tr>
              </tbody>
            </table>
          </div>
        </div>
      </div>
    </div>
  </section>
</div>
`;
