// Jest Snapshot v1, https://goo.gl/fbAQLP

exports[`CVEs ToolBarIcons tests should render 1`] = `
.c4 {
  display: -webkit-inline-box;
  display: -webkit-inline-flex;
  display: -ms-inline-flexbox;
  display: inline-flex;
}

.c1 {
  display: -webkit-box;
  display: -webkit-flex;
  display: -ms-flexbox;
  display: flex;
  -webkit-flex-direction: row;
  -ms-flex-direction: row;
  flex-direction: row;
  -webkit-box-pack: start;
  -webkit-justify-content: start;
  -ms-flex-pack: start;
  justify-content: start;
  -webkit-align-items: center;
  -webkit-box-align: center;
  -ms-flex-align: center;
  align-items: center;
  margin-left: -10px;
}

.c1 > * {
  display: -webkit-inline-box;
  display: -webkit-inline-flex;
  display: -ms-inline-flexbox;
  display: inline-flex;
}

.c1 > * {
  margin-left: 10px;
}

.c2 {
  display: -webkit-box;
  display: -webkit-flex;
  display: -ms-flexbox;
  display: flex;
  -webkit-flex-direction: row;
  -ms-flex-direction: row;
  flex-direction: row;
  -webkit-box-pack: start;
  -webkit-justify-content: start;
  -ms-flex-pack: start;
  justify-content: start;
  -webkit-align-items: center;
  -webkit-box-align: center;
  -ms-flex-align: center;
  align-items: center;
  margin-left: -5px;
}

.c2 > * {
  display: -webkit-inline-box;
  display: -webkit-inline-flex;
  display: -ms-inline-flexbox;
  display: inline-flex;
}

.c2 > * {
  margin-left: 5px;
}

.c0 {
  display: -webkit-box;
  display: -webkit-flex;
  display: -ms-flexbox;
  display: flex;
  -webkit-flex-direction: row;
  -ms-flex-direction: row;
  flex-direction: row;
  -webkit-box-pack: start;
  -webkit-justify-content: start;
  -ms-flex-pack: start;
  justify-content: start;
  -webkit-align-items: center;
  -webkit-box-align: center;
  -ms-flex-align: center;
  align-items: center;
  display: -webkit-inline-box;
  display: -webkit-inline-flex;
  display: -ms-inline-flexbox;
  display: inline-flex;
}

.c5 {
  cursor: pointer;
}

.c3 {
  height: 16px;
  width: 16px;
  line-height: 16px;
}

.c3 * {
  height: inherit;
  width: inherit;
}

@media print {
  .c5 {
    display: none;
  }
}

<div
  class="c0"
>
  <div
    class="c1"
    margin="10px"
  >
    <div
      class="c0"
    >
      <div
        class="c2"
        margin="5px"
      >
        <a
          href="test/en/managing-secinfo.html#cve"
          rel="noopener noreferrer"
          target="_blank"
        >
          <span
            class="c3"
            data-testid="svg-icon"
            title="Help: CVEs"
          >
            <svg
              title="Help: CVEs"
            >
              help.svg
            </svg>
          </span>
        </a>
        <a
          class="c4"
          href="/cves"
        >
          <span
            class="c3"
            data-testid="svg-icon"
            title="CVE List"
          >
            <svg
              title="CVE List"
            >
              list.svg
            </svg>
          </span>
        </a>
      </div>
    </div>
    <span
      class="c5 c3"
      data-testid="svg-icon"
      title="Export CVE"
    >
      <svg
        title="Export CVE"
      >
        export.svg
      </svg>
    </span>
  </div>
</div>
`;
