// Jest Snapshot v1, https://goo.gl/fbAQLP

exports[`LoginPage tests should render Loginpage 1`] = `
.c4 {
  display: -webkit-box;
  display: -webkit-flex;
  display: -ms-flexbox;
  display: flex;
  -webkit-flex-direction: row;
  -ms-flex-direction: row;
  flex-direction: row;
  -webkit-box-pack: center;
  -webkit-justify-content: center;
  -ms-flex-pack: center;
  justify-content: center;
}

.c6 {
  display: -webkit-box;
  display: -webkit-flex;
  display: -ms-flexbox;
  display: flex;
  -webkit-flex-direction: column;
  -ms-flex-direction: column;
  flex-direction: column;
  -webkit-box-pack: center;
  -webkit-justify-content: center;
  -ms-flex-pack: center;
  justify-content: center;
  -webkit-align-items: stretch;
  -webkit-box-align: stretch;
  -ms-flex-align: stretch;
  align-items: stretch;
}

.c9 {
  display: -webkit-box;
  display: -webkit-flex;
  display: -ms-flexbox;
  display: flex;
  -webkit-flex-direction: row;
  -ms-flex-direction: row;
  flex-direction: row;
  -webkit-box-pack: start;
  -webkit-justify-content: start;
  -ms-flex-pack: start;
  justify-content: start;
  -webkit-align-items: center;
  -webkit-box-align: center;
  -ms-flex-align: center;
  align-items: center;
}

.c3 {
  display: -webkit-box;
  display: -webkit-flex;
  display: -ms-flexbox;
  display: flex;
  -webkit-flex-direction: column;
  -ms-flex-direction: column;
  flex-direction: column;
  -webkit-box-flex: 1;
  -webkit-flex-grow: 1;
  -ms-flex-positive: 1;
  flex-grow: 1;
  -webkit-box-pack: center;
  -webkit-justify-content: center;
  -ms-flex-pack: center;
  justify-content: center;
  -webkit-align-items: stretch;
  -webkit-box-align: stretch;
  -ms-flex-align: stretch;
  align-items: stretch;
  margin-top: -10px;
}

.c3 > * {
  display: -webkit-inline-box;
  display: -webkit-inline-flex;
  display: -ms-inline-flexbox;
  display: inline-flex;
}

.c3 > * {
  margin-top: 10px;
}

.c2 {
  display: -webkit-box;
  display: -webkit-flex;
  display: -ms-flexbox;
  display: flex;
  -webkit-flex-direction: row;
  -ms-flex-direction: row;
  flex-direction: row;
  -webkit-box-flex: 1;
  -webkit-flex-grow: 1;
  -ms-flex-positive: 1;
  flex-grow: 1;
  -webkit-box-pack: start;
  -webkit-justify-content: start;
  -ms-flex-pack: start;
  justify-content: start;
  -webkit-align-items: center;
  -webkit-box-align: center;
  -ms-flex-align: center;
  align-items: center;
  display: -webkit-inline-box;
  display: -webkit-inline-flex;
  display: -ms-inline-flexbox;
  display: inline-flex;
}

.c15 {
  color: #787878;
}

.c15:link {
  color: #66c430;
}

.c14 {
  position: fixed;
  bottom: 0;
  right: 0;
  left: 0;
  padding: 2px;
  font-size: 10px;
  text-align: right;
  color: #787878;
  margin-top: 10px;
  padding-right: 5px;
  z-index: 500;
}

.c5 {
  display: -webkit-box;
  display: -webkit-flex;
  display: -ms-flexbox;
  display: flex;
  height: 180px;
}

.c1 {
  display: -webkit-box;
  display: -webkit-flex;
  display: -ms-flexbox;
  display: flex;
  -webkit-flex-direction: row;
  -ms-flex-direction: row;
  flex-direction: row;
  -webkit-box-pack: start;
  -webkit-justify-content: start;
  -ms-flex-pack: start;
  justify-content: start;
  -webkit-align-items: center;
  -webkit-box-align: center;
  -ms-flex-align: center;
  align-items: center;
  background: #fff;
  box-shadow: 0px 14px 22px #787878;
  padding: 4rem;
  width: 30rem;
}

.c10 {
  display: -webkit-box;
  display: -webkit-flex;
  display: -ms-flexbox;
  display: flex;
  -webkit-flex-direction: column;
  -ms-flex-direction: column;
  flex-direction: column;
  -webkit-box-pack: center;
  -webkit-justify-content: center;
  -ms-flex-pack: center;
  justify-content: center;
  -webkit-align-items: stretch;
  -webkit-box-align: stretch;
  -ms-flex-align: stretch;
  align-items: stretch;
  min-height: 12rem;
  -webkit-box-pack: space-evenly;
  -webkit-justify-content: space-evenly;
  -ms-flex-pack: space-evenly;
  justify-content: space-evenly;
}

.c8 {
  color: #d83636;
  font-weight: bold;
  text-align: center;
  margin: 10px;
}

.c13 {
  box-sizing: border-box;
  color: white;
  background-color: text:white;
  background: #4c4c4d;
  hover: #212121;
  disabled: #c2c2c2;
  border: none;
  border-radius: 3px;
  font-size: 1rem;
  font-weight: normal;
  min-height: 2.25rem;
  margin: 0;
  padding-right: 1.25rem;
  padding-left: 1.25rem;
  margin-top: 2rem;
  width: 100%;
}

.c13:hover {
  cursor: pointer;
  background-color: #212121;
}

.c13 + .c12 {
  margin-left: 1.25rem;
}

.c7 {
  margin: 5px auto;
  padding-bottom: 10px;
  font-size: 9pt;
  border: 1px solid #c8d3d9;
  padding: 10px;
  margin-bottom: 10px;
  margin-top: 20px;
}

.c11 {
  display: -webkit-box;
  display: -webkit-flex;
  display: -ms-flexbox;
  display: flex;
  -webkit-box-flex: 1;
  -webkit-flex-grow: 1;
  -ms-flex-positive: 1;
  flex-grow: 1;
}

.c0 {
  display: -webkit-box;
  display: -webkit-flex;
  display: -ms-flexbox;
  display: flex;
  -webkit-flex-direction: row;
  -ms-flex-direction: row;
  flex-direction: row;
  -webkit-box-pack: start;
  -webkit-justify-content: start;
  -ms-flex-pack: start;
  justify-content: start;
  -webkit-align-items: center;
  -webkit-box-align: center;
  -ms-flex-align: center;
  align-items: center;
  background: #c8d3d9;
  -webkit-flex-direction: column;
  -ms-flex-direction: column;
  flex-direction: column;
  -webkit-box-pack: center;
  -webkit-justify-content: center;
  -ms-flex-pack: center;
  justify-content: center;
  -webkit-align-items: center;
  -webkit-box-align: center;
  -ms-flex-align: center;
  align-items: center;
  height: 100vh;
}

<body>
  <div
    id="portals"
  />
  <div>
    <div
      class="c0"
    >
      <div
        class="c1"
      >
        <div
          class="c2"
        >
          <div
            class="c3"
            margin="10px"
          >
            <div
              class="c4"
            >
              <img
                alt="Greenbone Security Assistant"
                class="c5"
                src="/img/login-label.png"
              />
            </div>
            <div
              class="c6"
            >
              <div
                class="c7"
                data-testid="protocol-insecure"
              >
                <p
                  class="c8"
                >
                  Warning: Connection unencrypted
                </p>
                <p>
                  The connection to this GSA is not encrypted, allowing anyone listening to the traffic to steal your credentials.
                </p>
                <p>
                  Please configure a TLS certificate for the HTTPS service or ask your administrator to do so as soon as possible.
                </p>
              </div>
            </div>
            <div
              class="c9"
            />
            <div
              class="c10"
            >
              <h1
                class="c11"
              >
                Sign in to your account
              </h1>
              <div
                class="MuiFormControl-root sc-jSgupP cSAYIk"
              >
                <div
                  class="MuiFormControl-root MuiTextField-root sc-gKsewC kYJFYx MuiFormControl-marginNormal"
                  grow="1"
                  tabindex="1"
                >
                  <label
                    class="MuiFormLabel-root MuiInputLabel-root MuiInputLabel-formControl MuiInputLabel-animated MuiInputLabel-shrink Mui-focused Mui-focused"
                    data-shrink="true"
                    style="font-family: 'DroidSans', Arial, sans-serif;"
                  >
                    Username
                  </label>
                  <div
                    class="MuiInputBase-root MuiInput-root MuiInput-underline Mui-focused Mui-focused MuiInputBase-formControl MuiInput-formControl"
                    style="font-family: 'DroidSans', Arial, sans-serif;"
                  >
                    <input
                      aria-invalid="false"
                      autocomplete="username"
                      class="MuiInputBase-input MuiInput-input"
                      name="username"
                      type="text"
                      value=""
                    />
                  </div>
                </div>
              </div>
              <div
                class="MuiFormControl-root sc-jSgupP cSAYIk"
              >
                <div
                  class="MuiFormControl-root MuiTextField-root sc-gKsewC kYJFYx MuiFormControl-marginNormal"
                  grow="1"
                >
                  <label
                    class="MuiFormLabel-root MuiInputLabel-root MuiInputLabel-formControl MuiInputLabel-animated"
                    data-shrink="false"
                    style="font-family: 'DroidSans', Arial, sans-serif;"
                  >
                    Password
                  </label>
                  <div
                    class="MuiInputBase-root MuiInput-root MuiInput-underline MuiInputBase-formControl MuiInput-formControl"
                    style="font-family: 'DroidSans', Arial, sans-serif;"
                  >
                    <input
                      aria-invalid="false"
                      autocomplete="current-password"
                      class="MuiInputBase-input MuiInput-input"
                      name="password"
                      type="password"
                      value=""
                    />
                  </div>
                </div>
              </div>
              <button
                class="sc-dIUggk c12 c13"
                data-testid="login-button"
              >
                Sign In
              </button>
            </div>
            <div
              class="c4"
            >
              <a
                href="https://www.greenbone.net"
                rel="noopener"
                target="_blank"
              >
                <img
                  alt="Powered By Greenbone Networks"
                  src="greenbone-power.svg"
                />
              </a>
            </div>
          </div>
        </div>
      </div>
      <footer
        class="c14"
      >
        Greenbone Security Assistant (GSA) Copyright (C) 2009-2021 by Greenbone Networks GmbH, 
        <a
          class="c15"
          href="http://www.greenbone.net"
          rel="noopener noreferrer"
          target="_blank"
        >
          www.greenbone.net
        </a>
      </footer>
    </div>
  </div>
</body>
`;
