// Jest Snapshot v1, https://goo.gl/fbAQLP

exports[`LoginForm tests should render full LoginForm 1`] = `
.c3 {
  display: -webkit-box;
  display: -webkit-flex;
  display: -ms-flexbox;
  display: flex;
  -webkit-flex-direction: row;
  -ms-flex-direction: row;
  flex-direction: row;
  -webkit-box-pack: center;
  -webkit-justify-content: center;
  -ms-flex-pack: center;
  justify-content: center;
}

.c5 {
  display: -webkit-box;
  display: -webkit-flex;
  display: -ms-flexbox;
  display: flex;
  -webkit-flex-direction: column;
  -ms-flex-direction: column;
  flex-direction: column;
  -webkit-box-pack: center;
  -webkit-justify-content: center;
  -ms-flex-pack: center;
  justify-content: center;
  -webkit-align-items: stretch;
  -webkit-box-align: stretch;
  -ms-flex-align: stretch;
  align-items: stretch;
}

.c8 {
  display: -webkit-box;
  display: -webkit-flex;
  display: -ms-flexbox;
  display: flex;
  -webkit-flex-direction: row;
  -ms-flex-direction: row;
  flex-direction: row;
  -webkit-box-pack: start;
  -webkit-justify-content: start;
  -ms-flex-pack: start;
  justify-content: start;
  -webkit-align-items: center;
  -webkit-box-align: center;
  -ms-flex-align: center;
  align-items: center;
}

.c2 {
  display: -webkit-box;
  display: -webkit-flex;
  display: -ms-flexbox;
  display: flex;
  -webkit-flex-direction: column;
  -ms-flex-direction: column;
  flex-direction: column;
  -webkit-box-flex: 1;
  -webkit-flex-grow: 1;
  -ms-flex-positive: 1;
  flex-grow: 1;
  -webkit-box-pack: center;
  -webkit-justify-content: center;
  -ms-flex-pack: center;
  justify-content: center;
  -webkit-align-items: stretch;
  -webkit-box-align: stretch;
  -ms-flex-align: stretch;
  align-items: stretch;
  margin-top: -10px;
}

.c2 > * {
  display: -webkit-inline-box;
  display: -webkit-inline-flex;
  display: -ms-inline-flexbox;
  display: inline-flex;
}

.c2 > * {
  margin-top: 10px;
}

.c1 {
  display: -webkit-box;
  display: -webkit-flex;
  display: -ms-flexbox;
  display: flex;
  -webkit-flex-direction: row;
  -ms-flex-direction: row;
  flex-direction: row;
  -webkit-box-flex: 1;
  -webkit-flex-grow: 1;
  -ms-flex-positive: 1;
  flex-grow: 1;
  -webkit-box-pack: start;
  -webkit-justify-content: start;
  -ms-flex-pack: start;
  justify-content: start;
  -webkit-align-items: center;
  -webkit-box-align: center;
  -ms-flex-align: center;
  align-items: center;
  display: -webkit-inline-box;
  display: -webkit-inline-flex;
  display: -ms-inline-flexbox;
  display: inline-flex;
}

.c4 {
  display: -webkit-box;
  display: -webkit-flex;
  display: -ms-flexbox;
  display: flex;
  height: 180px;
}

.c0 {
  display: -webkit-box;
  display: -webkit-flex;
  display: -ms-flexbox;
  display: flex;
  -webkit-flex-direction: row;
  -ms-flex-direction: row;
  flex-direction: row;
  -webkit-box-pack: start;
  -webkit-justify-content: start;
  -ms-flex-pack: start;
  justify-content: start;
  -webkit-align-items: center;
  -webkit-box-align: center;
  -ms-flex-align: center;
  align-items: center;
  background: #fff;
  box-shadow: 0px 14px 22px #787878;
  padding: 4rem;
  width: 30rem;
}

.c9 {
  display: -webkit-box;
  display: -webkit-flex;
  display: -ms-flexbox;
  display: flex;
  -webkit-flex-direction: column;
  -ms-flex-direction: column;
  flex-direction: column;
  -webkit-box-pack: center;
  -webkit-justify-content: center;
  -ms-flex-pack: center;
  justify-content: center;
  -webkit-align-items: stretch;
  -webkit-box-align: stretch;
  -ms-flex-align: stretch;
  align-items: stretch;
  min-height: 12rem;
  -webkit-box-pack: space-evenly;
  -webkit-justify-content: space-evenly;
  -ms-flex-pack: space-evenly;
  justify-content: space-evenly;
}

.c7 {
  color: #d83636;
  font-weight: bold;
  text-align: center;
  margin: 10px;
}

.c12 {
  box-sizing: border-box;
  color: white;
  background-color: text:white;
  background: #4c4c4d;
  hover: #212121;
  disabled: #c2c2c2;
  border: none;
  border-radius: 3px;
  font-size: 1rem;
  font-weight: normal;
  min-height: 2.25rem;
  margin: 0;
  padding-right: 1.25rem;
  padding-left: 1.25rem;
  margin-top: 2rem;
  width: 100%;
}

.c12:hover {
  cursor: pointer;
  background-color: #212121;
}

.c12 + .c11 {
  margin-left: 1.25rem;
}

.c6 {
  margin: 5px auto;
  padding-bottom: 10px;
  font-size: 9pt;
  border: 1px solid #c8d3d9;
  padding: 10px;
  margin-bottom: 10px;
  margin-top: 20px;
}

.c10 {
  display: -webkit-box;
  display: -webkit-flex;
  display: -ms-flexbox;
  display: flex;
  -webkit-box-flex: 1;
  -webkit-flex-grow: 1;
  -ms-flex-positive: 1;
  flex-grow: 1;
}

<body>
  <div
    id="portals"
  />
  <div>
    <div
      class="c0"
    >
      <div
        class="c1"
      >
        <div
          class="c2"
          margin="10px"
        >
          <div
            class="c3"
          >
            <img
              alt="Greenbone Security Assistant"
              class="c4"
              src="/img/login-label.png"
            />
          </div>
          <div
            class="c5"
          >
            <div
              class="c6"
              data-testid="protocol-insecure"
            >
              <p
                class="c7"
              >
                Warning: Connection unencrypted
              </p>
              <p>
                The connection to this GSA is not encrypted, allowing anyone listening to the traffic to steal your credentials.
              </p>
              <p>
                Please configure a TLS certificate for the HTTPS service or ask your administrator to do so as soon as possible.
              </p>
            </div>
          </div>
          <div
            class="c8"
          />
          <div
            class="c9"
          >
            <h1
              class="c10"
            >
              Sign in to your account
            </h1>
            <div
              class="MuiFormControl-root sc-jSgupP cSAYIk"
            >
              <div
                class="MuiFormControl-root MuiTextField-root sc-gKsewC kYJFYx MuiFormControl-marginNormal"
                grow="1"
                tabindex="1"
              >
                <label
                  class="MuiFormLabel-root MuiInputLabel-root MuiInputLabel-formControl MuiInputLabel-animated MuiInputLabel-shrink Mui-focused Mui-focused"
                  data-shrink="true"
                  style="font-family: 'DroidSans', Arial, sans-serif;"
                >
                  Username
                </label>
                <div
                  class="MuiInputBase-root MuiInput-root MuiInput-underline Mui-focused Mui-focused MuiInputBase-formControl MuiInput-formControl"
                  style="font-family: 'DroidSans', Arial, sans-serif;"
                >
                  <input
                    aria-invalid="false"
                    autocomplete="username"
                    class="MuiInputBase-input MuiInput-input"
                    name="username"
                    type="text"
                    value=""
                  />
                </div>
              </div>
            </div>
            <div
              class="MuiFormControl-root sc-jSgupP cSAYIk"
            >
              <div
                class="MuiFormControl-root MuiTextField-root sc-gKsewC kYJFYx MuiFormControl-marginNormal"
                grow="1"
              >
                <label
                  class="MuiFormLabel-root MuiInputLabel-root MuiInputLabel-formControl MuiInputLabel-animated"
                  data-shrink="false"
                  style="font-family: 'DroidSans', Arial, sans-serif;"
                >
                  Password
                </label>
                <div
                  class="MuiInputBase-root MuiInput-root MuiInput-underline MuiInputBase-formControl MuiInput-formControl"
                  style="font-family: 'DroidSans', Arial, sans-serif;"
                >
                  <input
                    aria-invalid="false"
                    autocomplete="current-password"
                    class="MuiInputBase-input MuiInput-input"
                    name="password"
                    type="password"
                    value=""
                  />
                </div>
              </div>
            </div>
            <button
              class="sc-dIUggk c11 c12"
              data-testid="login-button"
            >
              Sign In
            </button>
          </div>
          <p
            class="c7"
            data-testid="error"
          >
            An Error Occurred
          </p>
          <div
            data-testid="guest-login"
          >
            <button
              class="sc-dIUggk c11 c12"
              data-testid="guest-login-button"
            >
              Sign In as Guest
            </button>
          </div>
          <div
            class="c3"
          >
            <a
              href="https://www.greenbone.net"
              rel="noopener"
              target="_blank"
            >
              <img
                alt="Powered By Greenbone Networks"
                src="greenbone-power.svg"
              />
            </a>
          </div>
        </div>
      </div>
    </div>
  </div>
</body>
`;
